// Jest Snapshot v1, https://goo.gl/fbAQLP

exports[`setCurrentTime creates the correct payload 1`] = `
Object {
  "payload": 30,
  "type": "SET_CURRENT_TIME",
}
`;
