// Jest Snapshot v1, https://goo.gl/fbAQLP

exports[`<CellNohkan> renders as expected by default 1`] = `
<div
  className="cell cell--3 cell--nohkan cell--tooltip"
>
  <span
    className="truncate"
    data-tooltip="Naka no takane"
  >
    Naka no takane
  </span>
</div>
`;
