// Jest Snapshot v1, https://goo.gl/fbAQLP

exports[`<CellPercussion> renders as expected by default 1`] = `
<div
  className="cell cell--14"
>
  mitsuji
</div>
`;
