// Jest Snapshot v1, https://goo.gl/fbAQLP

exports[`<CellDance> renders as expected by default 1`] = `
<div
  className="cell cell--3 cell--dance"
>
  Naka no takane
</div>
`;
