// Jest Snapshot v1, https://goo.gl/fbAQLP

exports[`<ShodanTimelineBlock> renders as expected 1`] = `
<div
  className="shodan-map__item"
  data-tooltip="Kiri"
  style={
    Object {
      "height": "90%",
      "left": "8%",
      "width": "10%",
    }
  }
/>
`;
