// Jest Snapshot v1, https://goo.gl/fbAQLP

exports[`<ShodanTimeline> renders as expected 1`] = `
<div
  className="shodan-map"
>
   
  <ShodanTimelineBlock
    height="100%"
    key="Noriji"
    left="82%"
    name="Noriji"
    width="2%"
  />
  <ShodanTimelineBlock
    height="70%"
    key="Maibataraki"
    left="84%"
    name="Maibataraki"
    width="6%"
  />
</div>
`;
