// Jest Snapshot v1, https://goo.gl/fbAQLP

exports[`<TabbedNarrative> renders as expected 1`] = `
<Tabs
  defaultFocus={false}
  defaultIndex={null}
  domRef={[Function]}
  forceRenderTabPanel={false}
  selectedIndex={null}
>
  <TabList
    className="react-tabs__tab-list"
  />
</Tabs>
`;
